c:\users\hanna\git\quake2-mod\game\release\m_berserk.obj
c:\users\hanna\git\quake2-mod\game\release\m_actor.obj
c:\users\hanna\git\quake2-mod\game\release\g_weapon.obj
c:\users\hanna\git\quake2-mod\game\release\g_utils.obj
c:\users\hanna\git\quake2-mod\game\release\g_turret.obj
c:\users\hanna\git\quake2-mod\game\release\g_trigger.obj
c:\users\hanna\git\quake2-mod\game\release\g_target.obj
c:\users\hanna\git\quake2-mod\game\release\g_svcmds.obj
c:\users\hanna\git\quake2-mod\game\release\g_spawn.obj
c:\users\hanna\git\quake2-mod\game\release\g_save.obj
c:\users\hanna\git\quake2-mod\game\release\g_phys.obj
c:\users\hanna\git\quake2-mod\game\release\g_monster.obj
c:\users\hanna\git\quake2-mod\game\release\g_misc.obj
c:\users\hanna\git\quake2-mod\game\release\g_main.obj
c:\users\hanna\git\quake2-mod\game\release\g_items.obj
c:\users\hanna\git\quake2-mod\game\release\g_func.obj
c:\users\hanna\git\quake2-mod\game\release\g_combat.obj
c:\users\hanna\git\quake2-mod\game\release\g_cmds.obj
c:\users\hanna\git\quake2-mod\game\release\g_chase.obj
c:\users\hanna\git\quake2-mod\game\release\g_ai.obj
c:\users\hanna\git\quake2-mod\game\release\m_soldier.obj
c:\users\hanna\git\quake2-mod\game\release\m_parasite.obj
c:\users\hanna\git\quake2-mod\game\release\m_mutant.obj
c:\users\hanna\git\quake2-mod\game\release\m_move.obj
c:\users\hanna\git\quake2-mod\game\release\m_medic.obj
c:\users\hanna\git\quake2-mod\game\release\m_insane.obj
c:\users\hanna\git\quake2-mod\game\release\m_infantry.obj
c:\users\hanna\git\quake2-mod\game\release\m_hover.obj
c:\users\hanna\git\quake2-mod\game\release\m_gunner.obj
c:\users\hanna\git\quake2-mod\game\release\m_gladiator.obj
c:\users\hanna\git\quake2-mod\game\release\m_flyer.obj
c:\users\hanna\git\quake2-mod\game\release\m_float.obj
c:\users\hanna\git\quake2-mod\game\release\m_flipper.obj
c:\users\hanna\git\quake2-mod\game\release\m_flash.obj
c:\users\hanna\git\quake2-mod\game\release\m_chick.obj
c:\users\hanna\git\quake2-mod\game\release\m_brain.obj
c:\users\hanna\git\quake2-mod\game\release\m_boss32.obj
c:\users\hanna\git\quake2-mod\game\release\m_boss31.obj
c:\users\hanna\git\quake2-mod\game\release\m_boss3.obj
c:\users\hanna\git\quake2-mod\game\release\m_boss2.obj
c:\users\hanna\git\quake2-mod\game\release\q_shared.obj
c:\users\hanna\git\quake2-mod\game\release\p_weapon.obj
c:\users\hanna\git\quake2-mod\game\release\p_view.obj
c:\users\hanna\git\quake2-mod\game\release\p_trail.obj
c:\users\hanna\git\quake2-mod\game\release\p_hud.obj
c:\users\hanna\git\quake2-mod\game\release\p_client.obj
c:\users\hanna\git\quake2-mod\game\release\m_tank.obj
c:\users\hanna\git\quake2-mod\game\release\m_supertank.obj
c:\users\hanna\desktop\quake 2\magicmod\gamex86.dll
c:\users\hanna\git\quake2-mod\release\gamex86.lib
c:\users\hanna\git\quake2-mod\release\gamex86.exp
c:\users\hanna\git\quake2-mod\game\release\game.tlog\cl.command.1.tlog
c:\users\hanna\git\quake2-mod\game\release\game.tlog\cl.items.tlog
c:\users\hanna\git\quake2-mod\game\release\game.tlog\cl.read.1.tlog
c:\users\hanna\git\quake2-mod\game\release\game.tlog\cl.write.1.tlog
c:\users\hanna\git\quake2-mod\game\release\game.tlog\link.command.1.tlog
c:\users\hanna\git\quake2-mod\game\release\game.tlog\link.read.1.tlog
c:\users\hanna\git\quake2-mod\game\release\game.tlog\link.secondary.1.tlog
c:\users\hanna\git\quake2-mod\game\release\game.tlog\link.write.1.tlog
