C:\Program Files\Microsoft Visual Studio\18\Community\MSBuild\Microsoft\VC\v180\Microsoft.CppBuild.targets(537,5): warning MSB8004: Output Directory does not end with a trailing slash.  This build instance will add the slash as it is required to allow proper evaluation of the Output Directory.
  g_cmds.c
C:\Users\hanna\git\quake2-mod\game\g_cmds.c(34,2): warning C4996: 'strcpy': This function or variable may be unsafe. Consider using strcpy_s instead. To disable deprecation, use _CRT_SECURE_NO_WARNINGS. See online help for details.
C:\Users\hanna\git\quake2-mod\game\g_cmds.c(57,2): warning C4996: 'strcpy': This function or variable may be unsafe. Consider using strcpy_s instead. To disable deprecation, use _CRT_SECURE_NO_WARNINGS. See online help for details.
C:\Users\hanna\git\quake2-mod\game\g_cmds.c(58,2): warning C4996: 'strcpy': This function or variable may be unsafe. Consider using strcpy_s instead. To disable deprecation, use _CRT_SECURE_NO_WARNINGS. See online help for details.
C:\Users\hanna\git\quake2-mod\game\g_cmds.c(722,4): warning C4996: 'strcat': This function or variable may be unsafe. Consider using strcat_s instead. To disable deprecation, use _CRT_SECURE_NO_WARNINGS. See online help for details.
C:\Users\hanna\git\quake2-mod\game\g_cmds.c(725,3): warning C4996: 'strcat': This function or variable may be unsafe. Consider using strcat_s instead. To disable deprecation, use _CRT_SECURE_NO_WARNINGS. See online help for details.
C:\Users\hanna\git\quake2-mod\game\g_cmds.c(808,3): warning C4996: 'strcat': This function or variable may be unsafe. Consider using strcat_s instead. To disable deprecation, use _CRT_SECURE_NO_WARNINGS. See online help for details.
C:\Users\hanna\git\quake2-mod\game\g_cmds.c(809,3): warning C4996: 'strcat': This function or variable may be unsafe. Consider using strcat_s instead. To disable deprecation, use _CRT_SECURE_NO_WARNINGS. See online help for details.
C:\Users\hanna\git\quake2-mod\game\g_cmds.c(810,3): warning C4996: 'strcat': This function or variable may be unsafe. Consider using strcat_s instead. To disable deprecation, use _CRT_SECURE_NO_WARNINGS. See online help for details.
C:\Users\hanna\git\quake2-mod\game\g_cmds.c(821,3): warning C4996: 'strcat': This function or variable may be unsafe. Consider using strcat_s instead. To disable deprecation, use _CRT_SECURE_NO_WARNINGS. See online help for details.
C:\Users\hanna\git\quake2-mod\game\g_cmds.c(828,2): warning C4996: 'strcat': This function or variable may be unsafe. Consider using strcat_s instead. To disable deprecation, use _CRT_SECURE_NO_WARNINGS. See online help for details.
C:\Users\hanna\git\quake2-mod\game\g_cmds.c(875,7): warning C4459: declaration of 'st' hides global declaration
      C:\Users\hanna\git\quake2-mod\game\g_local.h(458,21):
      see declaration of 'st'
  
C:\Users\hanna\git\quake2-mod\game\g_cmds.c(897,3): warning C4996: 'strcat': This function or variable may be unsafe. Consider using strcat_s instead. To disable deprecation, use _CRT_SECURE_NO_WARNINGS. See online help for details.
C:\Users\hanna\git\quake2-mod\game\g_cmds.c(885,3): warning C4996: 'sprintf': This function or variable may be unsafe. Consider using sprintf_s instead. To disable deprecation, use _CRT_SECURE_NO_WARNINGS. See online help for details.
C:\Users\hanna\git\quake2-mod\game\g_cmds.c(893,4): warning C4996: 'sprintf': This function or variable may be unsafe. Consider using sprintf_s instead. To disable deprecation, use _CRT_SECURE_NO_WARNINGS. See online help for details.
C:\Users\hanna\git\quake2-mod\game\g_cmds.c(912,11): warning C4459: declaration of 'yes' hides global declaration
      C:\Users\hanna\git\quake2-mod\game\g_cmds.c(907,10):
      see declaration of 'yes'
  
C:\Users\hanna\git\quake2-mod\game\g_cmds.c(912,11): warning C4189: 'yes': local variable is initialized but not referenced
C:\Users\hanna\git\quake2-mod\game\g_cmds.c(911,11): warning C4101: 'player': unreferenced local variable
C:\Users\hanna\git\quake2-mod\game\g_cmds.c(919,11): warning C4459: declaration of 'yes' hides global declaration
      C:\Users\hanna\git\quake2-mod\game\g_cmds.c(907,10):
      see declaration of 'yes'
  
C:\Users\hanna\git\quake2-mod\game\g_cmds.c(919,11): warning C4189: 'yes': local variable is initialized but not referenced
C:\Users\hanna\git\quake2-mod\game\g_cmds.c(918,11): warning C4101: 'player': unreferenced local variable
C:\Users\hanna\git\quake2-mod\game\g_cmds.c(937,11): warning C4706: assignment used as a condition
      C:\Users\hanna\git\quake2-mod\game\g_cmds.c(937,11):
      if an assignment is intended you can enclose it in parentheses, '(e1 = e2)', to silence this warning
  
C:\Users\hanna\git\quake2-mod\game\g_cmds.c(941,11): warning C4706: assignment used as a condition
      C:\Users\hanna\git\quake2-mod\game\g_cmds.c(941,11):
      if an assignment is intended you can enclose it in parentheses, '(e1 = e2)', to silence this warning
  
C:\Users\hanna\git\quake2-mod\game\g_cmds.c(949,11): warning C4706: assignment used as a condition
      C:\Users\hanna\git\quake2-mod\game\g_cmds.c(949,11):
      if an assignment is intended you can enclose it in parentheses, '(e1 = e2)', to silence this warning
  
C:\Users\hanna\git\quake2-mod\game\g_cmds.c(954,11): warning C4706: assignment used as a condition
      C:\Users\hanna\git\quake2-mod\game\g_cmds.c(954,11):
      if an assignment is intended you can enclose it in parentheses, '(e1 = e2)', to silence this warning
  
C:\Users\hanna\git\quake2-mod\game\g_cmds.c(925,13): warning C4101: 'player': unreferenced local variable
C:\Users\hanna\git\quake2-mod\game\g_cmds.c(969,23): warning C4100: 'ent': unreferenced parameter
C:\Users\hanna\git\quake2-mod\game\g_cmds.c(971,11): warning C4101: 'player': unreferenced local variable
C:\Users\hanna\git\quake2-mod\game\g_cmds.c(987,11): warning C4101: 'player': unreferenced local variable
C:\Users\hanna\git\quake2-mod\game\g_cmds.c(994,11): warning C4101: 'player': unreferenced local variable
     Creating library .\..\release\gamex86.lib and object .\..\release\gamex86.exp
  game.vcxproj -> C:\Users\hanna\Desktop\Quake 2\magicmod\gamex86.dll
